Serial port /dev/ttyUSB0
Connecting.....
ets Jul 29 2019 12:21:46

rst:0x1 (POWERON_RESET),boot:0x13 (SPI_FAST_FLASH_BOOT)
configsip: 0, SPIWP:0xee
clk_drv:0x00,q_drv:0x00,d_drv:0x00,cs0_drv:0x00,hd_drv:0x00,wp_drv:0x00
mode:DIO, clock div:2
load:0x3fff0040,len:2520
load:0x40078000,len:17084
ho 0 tail 12 room 4
load:0x40080400,len:3860
entry 0x4008068c
[0;32mI (29) boot: ESP-IDF v5.5-dev-2782-g689ee743ae1-dirt 2nd stage bootloader[0m
[0;32mI (29) boot: compile time Apr  1 2025 00:43:48[0m
[0;32mI (29) boot: Multicore bootloader[0m
[0;32mI (30) boot: chip revision: v3.0[0m
[0;32mI (31) boot.esp32: SPI Speed      : 40MHz[0m
[0;32mI (33) boot.esp32: SPI Mode       : DIO[0m
[0;32mI (36) boot.esp32: SPI Flash Size : 2MB[0m
[0;32mI (38) boot: Enabling RNG early entropy source...[0m
[0;32mI (40) boot: Partition Table:[0m
[0;32mI (41) boot: ## Label            Usage          Type ST Offset   Length[0m
[0;32mI (43) boot:  0 nvs              WiFi data        01 02 00009000 00006000[0m
[0;32mI (48) boot:  1 phy_init         RF data          01 01 0000f000 00001000[0m
[0;32mI (53) boot:  2 factory          factory app      00 00 00010000 00100000[0m
[0;32mI (58) boot: End of partition table[0m
[0;32mI (60) esp_image: segment 0: paddr=00010020 vaddr=3f400020 size=06a8ch ( 27276) map[0m
[0;32mI (73) esp_image: segment 1: paddr=00016ab4 vaddr=3ff80000 size=0001ch (    28) load[0m
[0;32mI (73) esp_image: segment 2: paddr=00016ad8 vaddr=3ffb0000 size=02050h (  8272) load[0m
[0;32mI (77) esp_image: segment 3: paddr=00018b30 vaddr=40080000 size=074e8h ( 29928) load[0m
[0;32mI (88) esp_image: segment 4: paddr=00020020 vaddr=400d0020 size=10444h ( 66628) map[0m
[0;32mI (111) esp_image: segment 5: paddr=0003046c vaddr=400874e8 size=05818h ( 22552) load[0m
[0;32mI (127) boot: Loaded app from partition at offset 0x10000[0m
[0;32mI (127) boot: Disabling RNG early entropy source...[0m
[0;32mI (131) cpu_start: Multicore app[0m
[0;32mI (140) cpu_start: Pro cpu start user code[0m
[0;32mI (140) cpu_start: cpu freq: 160000000 Hz[0m
[0;32mI (140) app_init: Application information:[0m
[0;32mI (140) app_init: Project name:     log[0m
[0;32mI (140) app_init: App version:      v5.5-dev-2782-g689ee743ae1-dirt[0m
[0;32mI (140) app_init: Compile time:     Apr  1 2025 00:43:41[0m
[0;32mI (140) app_init: ELF file SHA256:  4a8db6eb1...[0m
[0;32mI (141) app_init: ESP-IDF:          v5.5-dev-2782-g689ee743ae1-dirt[0m
[0;32mI (143) efuse_init: Min chip rev:     v0.0[0m
[0;32mI (145) efuse_init: Max chip rev:     v3.99 [0m
[0;32mI (147) efuse_init: Chip rev:         v3.0[0m
[0;32mI (149) heap_init: Initializing. RAM available for dynamic allocation:[0m
[0;32mI (151) heap_init: At 3FFAE6E0 len 00001920 (6 KiB): DRAM[0m
[0;32mI (153) heap_init: At 3FFB28A8 len 0002D758 (181 KiB): DRAM[0m
[0;32mI (156) heap_init: At 3FFE0440 len 00003AE0 (14 KiB): D/IRAM[0m
[0;32mI (159) heap_init: At 3FFE4350 len 0001BCB0 (111 KiB): D/IRAM[0m
[0;32mI (162) heap_init: At 4008CD00 len 00013300 (76 KiB): IRAM[0m
[0;32mI (165) spi_flash: detected chip: generic[0m
[0;32mI (167) spi_flash: flash io: dio[0m
[0;33mW (170) spi_flash: Detected size(4096k) larger than the size in the binary image header(2048k). Using the size in the binary image header.[0m
[0;32mI (172) main_task: Started on CPU0[0m
[0;32mI (182) main_task: Calling app_main()[0m
[0;32mI (182) example: Start[0m
[0;32mI (182) example: char_var A 0x41[0m
[0;32mI (182) example: var8 240 -120[0m
[0;32mI (182) example: var16 65303 -16954 0xff17[0m
[0;32mI (182) example: const int var -1024[0m
[0;32mI (182) example: const long long unsigned var 2095[0m
[0;32mI (182) example: int_var 4095 -4095[0m
[0;32mI (182) example: var32 9000 -2000[0m
[0;32mI (192) example: var64 10700 -29468[0m
[0;32mI (192) example: 64 32 64 vars 10700 9000 10800[0m
[0;32mI (192) example: var_size 96843 4[0m
[0;32mI (192) example: float var 1.600000[0m
[0;32mI (202) example: double var -70.199997[0m
[0;32mI (202) example: int, double, var32, float, float, char 4095 -70.199997 9000 1.600000 1.600000 A[0m
[0;32mI (202) example: str_array 0x3ffb3a20[0m
[0;32mI (212) example: str_ptr 0x3f402b38[0m
[0;32mI (212) example: 00 01 02 03 04 05 06 07 08 09 0a 0b 0c 0d 0e 0f[0m
[0;32mI (212) example: 10 11 12 13 14 15 16 17 18 19 1a 1b 1c 1d 1e 1f[0m
[0;32mI (212) example: 20 21 21 21 21 21 21 21 21 21 21 21 21 21 21 21[0m
[0;32mI (212) example: 30 31 32 33 34 35 36 37 38 39 30 31 32 33 34 35[0m
[0;32mI (212) example: 40 41 42 43 44 45 46 47 48 49 4a 4b 4c 4d 4e 4f[0m
[0;32mI (212) example: 50 51 52 53 54 55 56 57 58 59[0m
[0;32mI (222) example: buffer addr = 0x3ffb3a2a[0m
[0;32mI (222) example: 0x3ffb3a2a   00 01 02 03 04 05 06 07  08 09 0a 0b 0c 0d 0e 0f  |................|[0m
[0;32mI (222) example: 0x3ffb3a3a   10 11 12 13 14 15 16 17  18 19 1a 1b 1c 1d 1e 1f  |................|[0m
[0;32mI (222) example: 0x3ffb3a4a   20 21 21 21 21 21 21 21  21 21 21 21 21 21 21 21  | !!!!!!!!!!!!!!!|[0m
[0;32mI (222) example: 0x3ffb3a5a   30 31 32 33 34 35 36 37  38 39 30 31 32 33 34 35  |0123456789012345|[0m
[0;32mI (222) example: 0x3ffb3a6a   40 41 42 43 44 45 46 47  48 49 4a 4b 4c 4d 4e 4f  |@ABCDEFGHIJKLMNO|[0m
[0;32mI (222) example: 0x3ffb3a7a   50 51 52 53 54 55 56 57  58 59                    |PQRSTUVWXY|[0m
[0;32mI (232) example: Text1:The way to[0m
[0;32mI (232) example:  get started is [0m
[0;32mI (232) example: to quit talking [0m
[0;32mI (232) example: and begin doing.[0m
[0;32mI (232) example:  - Walt Disney[0m
[0;32mI (242) example: Text2:The way to[0m
[0;32mI (242) example:  get started is [0m
[0;32mI (242) example: to quit talking [0m
[0;32mI (242) example: and begin doing.[0m
[0;32mI (242) example:  - Walt Disney[0m
[0;32mI (242) example: buffer2 addr = 0x3ffb3ad4[0m
[0;32mI (242) example: 0x3ffb3ad4   00 00 00 00 01 00 00 00  02 00 00 00 03 00 00 00  |................|[0m
[0;32mI (242) example: 0x3ffb3ae4   04 00 00 00 05 00 00 00  06 00 00 00 07 00 00 00  |................|[0m
[0;32mI (242) example: 0x3ffb3af4   08 00 00 00 09 00 00 00  0a 00 00 00 0b 00 00 00  |................|[0m
[0;32mI (242) example: 0x3ffb3b04   0c 00 00 00 0d 00 00 00  0e 00 00 00 0f 00 00 00  |................|[0m
[0;32mI (242) example: 0x3ffb3b14   10 00 00 00 11 00 00 00  12 00 00 00 13 00 00 00  |................|[0m
[0;32mI (252) example: buffer3 addr = 0x3ffb3b28[0m
[0;32mI (262) example: 0x3ffb3b28   00 00 00 00 00 00 00 00  01 00 00 00 00 00 00 00  |................|[0m
[0;32mI (262) example: 0x3ffb3b38   02 00 00 00 00 00 00 00  03 00 00 00 00 00 00 00  |................|[0m
[0;32mI (262) example: 0x3ffb3b48   04 00 00 00 00 00 00 00  05 00 00 00 00 00 00 00  |................|[0m
[0;32mI (262) example: 0x3ffb3b58   06 00 00 00 00 00 00 00  07 00 00 00 00 00 00 00  |................|[0m
[0;32mI (262) example: 0x3ffb3b68   08 00 00 00 00 00 00 00  09 00 00 00 00 00 00 00  |................|[0m
[0;32mI (262) example: 0x3ffb3b78   0a 00 00 00 00 00 00 00                           |........|[0m
[0;32mI (272) example: >>> String Formatting Tests <<<[0m
[0;32mI (272) example: |Hello_world|[0m
[0;32mI (272) example: |     ESP32|[0m
[0;32mI (272) example: |ESP32     |[0m
[0;32mI (272) example: |Hello|[0m
[0;32mI (272) example: >>> Character Formatting Tests <<<[0m
[0;32mI (282) example: |A|[0m
[0;32mI (282) example: >>> Integer Formatting Tests <<<[0m
[0;32mI (282) example: |123|[0m
[0;32mI (282) example: |   42|[0m
[0;32mI (282) example: |00042|[0m
[0;32mI (282) example: |42   |[0m
[0;32mI (292) example: |00042|[0m
[0;32mI (292) example: |+42|[0m
[0;32mI (292) example: | 42|[0m
[0;32mI (292) example: |123456789|[0m
[0;32mI (292) example: |1234567890123456789|[0m
[0;32mI (292) example: |       +42|[0m
[0;32mI (302) example: |        42|[0m
[0;32mI (302) example: |+42       |[0m
[0;32mI (302) example: | 42       |[0m
[0;32mI (302) example: >>> Pointer Formatting Tests <<<[0m
[0;32mI (302) example: |0x3ff26523|[0m
[0;32mI (302) example: >>> Hexadecimal Formatting Tests <<<[0m
[0;32mI (312) example: |ff|[0m
[0;32mI (312) example: |FF|[0m
[0;32mI (312) example: |000ff|[0m
[0;32mI (312) example: |000ff|[0m
[0;32mI (312) example: |ff   |[0m
[0;32mI (312) example: |ffff|[0m
[0;32mI (322) example: |ff|[0m
[0;32mI (322) example: |0x2a|[0m
[0;32mI (322) example: |0XFF|[0m
[0;32mI (322) example: |      0x2a|[0m
[0;32mI (322) example: |0x2a      |[0m
[0;32mI (322) example: >>> Octal Formatting Tests <<<[0m
[0;32mI (332) example: |10|[0m
[0;32mI (332) example: |010|[0m
[0;32mI (332) example: |777|[0m
[0;32mI (332) example: |0777|[0m
[0;32mI (332) example: |       052|[0m
[0;32mI (332) example: |052       |[0m
[0;32mI (342) example: >>> Float Formatting Tests <<<[0m
[0;32mI (342) example: |123.456000|[0m
[0;32mI (342) example: |123.46|[0m
[0;32mI (342) example: |-123.46|[0m
[0;32mI (342) example: |      3.14|[0m
[0;32mI (352) example: |3.14      |[0m
[0;32mI (352) example: |-123.456789|[0m
[0;32mI (352) example: |-123.456789|[0m
[0;32mI (352) example: >>> Scientific Float Formatting Tests <<<[0m
[0;32mI (352) example: |123456.789000|[0m
[0;32mI (362) example: |1.234568e+05|[0m
[0;32mI (362) example: |1.234568E+05|[0m
[0;32mI (362) example: |123457|[0m
[0;32mI (362) example: |123457|[0m
[0;32mI (362) example: >>> Literal Percent Sign Tests <<<[0m
[0;32mI (372) example: |%|[0m
[0;32mI (372) example: |%| |Hello_world|[0m
[0;32mI (372) example: >>> Multiple Variables in One Log <<<[0m
[0;32mI (372) example: string width |     ESP32| |ESP32     | |ESP32|[0m
[0;32mI (372) example: shorts |ffff| |ff|[0m
[0;32mI (382) example:   flag | 42| |-42|[0m
[0;32mI (382) example: + flag |+42| |-42|[0m
[0;32mI (382) example: # flag long |0x499602d2| |011145401322|[0m
[0;32mI (382) example: longs |1234567890| |123456789012345|[0m
[0;32mI (392) example: float width |      3.14| |3.14      | |3.1416|[0m
[0;32mI (392) example: double width |-123.456789| |-123.456789| |-123.46|[0m
[0;32mI (392) example: Success[0m
[0;32mI (392) main_task: Returned from app_main()[0m
